Archive member included to satisfy reference by file (symbol)

c:/program files (x86)/atmel/studio/7.0/toolchain/avr8/avr8-gnu-toolchain/bin/../lib/gcc/avr/4.9.2/../../../../avr/lib/avr6\libm.a(floatsisf.o)
                              lib/UART.o (__floatsisf)
c:/program files (x86)/atmel/studio/7.0/toolchain/avr8/avr8-gnu-toolchain/bin/../lib/gcc/avr/4.9.2/avr6\libgcc.a(_divmodhi4.o)
                              lib/Timers.o (__divmodhi4)
c:/program files (x86)/atmel/studio/7.0/toolchain/avr8/avr8-gnu-toolchain/bin/../lib/gcc/avr/4.9.2/avr6\libgcc.a(_udivmodsi4.o)
                              hal/drivers/atmega256rfr2/halSleep.o (__udivmodsi4)
c:/program files (x86)/atmel/studio/7.0/toolchain/avr8/avr8-gnu-toolchain/bin/../lib/gcc/avr/4.9.2/avr6\libgcc.a(_divmodsi4.o)
                              lib/UART.o (__divmodsi4)
c:/program files (x86)/atmel/studio/7.0/toolchain/avr8/avr8-gnu-toolchain/bin/../lib/gcc/avr/4.9.2/avr6\libgcc.a(_negsi2.o)
                              c:/program files (x86)/atmel/studio/7.0/toolchain/avr8/avr8-gnu-toolchain/bin/../lib/gcc/avr/4.9.2/avr6\libgcc.a(_divmodsi4.o) (__negsi2)
c:/program files (x86)/atmel/studio/7.0/toolchain/avr8/avr8-gnu-toolchain/bin/../lib/gcc/avr/4.9.2/avr6\libgcc.a(_exit.o)
                              C:/Program Files (x86)/Atmel/Studio/7.0/Packs/atmel/ATmega_DFP/1.1.130/gcc/dev/atmega256rfr2/avr6/crtatmega256rfr2.o (exit)
c:/program files (x86)/atmel/studio/7.0/toolchain/avr8/avr8-gnu-toolchain/bin/../lib/gcc/avr/4.9.2/avr6\libgcc.a(_copy_data.o)
                              lib/UART.o (__do_copy_data)
c:/program files (x86)/atmel/studio/7.0/toolchain/avr8/avr8-gnu-toolchain/bin/../lib/gcc/avr/4.9.2/avr6\libgcc.a(_clear_bss.o)
                              hal/atmega256rfr2/src/halTimer.o (__do_clear_bss)
c:/program files (x86)/atmel/studio/7.0/toolchain/avr8/avr8-gnu-toolchain/bin/../lib/gcc/avr/4.9.2/avr6\libgcc.a(_udivmodhi4.o)
                              c:/program files (x86)/atmel/studio/7.0/toolchain/avr8/avr8-gnu-toolchain/bin/../lib/gcc/avr/4.9.2/avr6\libgcc.a(_divmodhi4.o) (__udivmodhi4)
c:/program files (x86)/atmel/studio/7.0/toolchain/avr8/avr8-gnu-toolchain/bin/../lib/gcc/avr/4.9.2/../../../../avr/lib/avr6\libc.a(rand.o)
                              nwk/src/nwkTx.o (rand)
c:/program files (x86)/atmel/studio/7.0/toolchain/avr8/avr8-gnu-toolchain/bin/../lib/gcc/avr/4.9.2/../../../../avr/lib/avr6\libc.a(memcpy.o)
                              nwk/src/nwkDataReq.o (memcpy)
c:/program files (x86)/atmel/studio/7.0/toolchain/avr8/avr8-gnu-toolchain/bin/../lib/gcc/avr/4.9.2/avr6\libgcc.a(_muluhisi3.o)
                              c:/program files (x86)/atmel/studio/7.0/toolchain/avr8/avr8-gnu-toolchain/bin/../lib/gcc/avr/4.9.2/../../../../avr/lib/avr6\libc.a(rand.o) (__muluhisi3)
c:/program files (x86)/atmel/studio/7.0/toolchain/avr8/avr8-gnu-toolchain/bin/../lib/gcc/avr/4.9.2/avr6\libgcc.a(_mulshisi3.o)
                              c:/program files (x86)/atmel/studio/7.0/toolchain/avr8/avr8-gnu-toolchain/bin/../lib/gcc/avr/4.9.2/../../../../avr/lib/avr6\libc.a(rand.o) (__mulohisi3)
c:/program files (x86)/atmel/studio/7.0/toolchain/avr8/avr8-gnu-toolchain/bin/../lib/gcc/avr/4.9.2/avr6\libgcc.a(_umulhisi3.o)
                              c:/program files (x86)/atmel/studio/7.0/toolchain/avr8/avr8-gnu-toolchain/bin/../lib/gcc/avr/4.9.2/avr6\libgcc.a(_muluhisi3.o) (__umulhisi3)

Allocating common symbols
Common symbol       size              file

BIG_TABLE           0x3c2a            lib/devices_table.o
nwkIb               0x28              nwk/src/nwk.o
null_device         0x302             lib/devices_table.o
halTimerIrqCount    0x1               hal/atmega256rfr2/src/halTimer.o

Discarded input sections

 .data          0x00000000        0x0 C:/Program Files (x86)/Atmel/Studio/7.0/Packs/atmel/ATmega_DFP/1.1.130/gcc/dev/atmega256rfr2/avr6/crtatmega256rfr2.o
 .bss           0x00000000        0x0 C:/Program Files (x86)/Atmel/Studio/7.0/Packs/atmel/ATmega_DFP/1.1.130/gcc/dev/atmega256rfr2/avr6/crtatmega256rfr2.o
 .text          0x00000000        0x0 hal/atmega256rfr2/src/hal.o
 .data          0x00000000        0x0 hal/atmega256rfr2/src/hal.o
 .bss           0x00000000        0x0 hal/atmega256rfr2/src/hal.o
 .text.HAL_Delay
                0x00000000        0x8 hal/atmega256rfr2/src/hal.o
 .text          0x00000000        0x0 hal/atmega256rfr2/src/halTimer.o
 .data          0x00000000        0x0 hal/atmega256rfr2/src/halTimer.o
 .bss           0x00000000        0x0 hal/atmega256rfr2/src/halTimer.o
 .text.HAL_TimerDelay
                0x00000000       0x44 hal/atmega256rfr2/src/halTimer.o
 .text          0x00000000        0x0 hal/drivers/atmega256rfr2/halSleep.o
 .data          0x00000000        0x0 hal/drivers/atmega256rfr2/halSleep.o
 .bss           0x00000000        0x0 hal/drivers/atmega256rfr2/halSleep.o
 .text.HAL_Sleep
                0x00000000      0x10c hal/drivers/atmega256rfr2/halSleep.o
 .text          0x00000000        0x0 hal/drivers/atmega256rfr2/halUart.o
 .data          0x00000000        0x0 hal/drivers/atmega256rfr2/halUart.o
 .bss           0x00000000        0x0 hal/drivers/atmega256rfr2/halUart.o
 .text.HAL_UartInit
                0x00000000       0xa8 hal/drivers/atmega256rfr2/halUart.o
 .text.HAL_UartWriteByte
                0x00000000       0x4e hal/drivers/atmega256rfr2/halUart.o
 .text.HAL_UartReadByte
                0x00000000       0x4c hal/drivers/atmega256rfr2/halUart.o
 .text.HAL_UartTaskHandler
                0x00000000       0x88 hal/drivers/atmega256rfr2/halUart.o
 .bss.rxData    0x00000000       0xc9 hal/drivers/atmega256rfr2/halUart.o
 .bss.txData    0x00000000       0xc9 hal/drivers/atmega256rfr2/halUart.o
 .bss.txFifo    0x00000000        0xa hal/drivers/atmega256rfr2/halUart.o
 .text          0x00000000        0x0 lib/communication.o
 .data          0x00000000        0x0 lib/communication.o
 .bss           0x00000000        0x0 lib/communication.o
 .text.send     0x00000000       0x1a lib/communication.o
 .text.receive  0x00000000        0x2 lib/communication.o
 .bss.appDataReq
                0x00000000       0x11 lib/communication.o
 .debug_info    0x00000000      0x21c lib/communication.o
 .debug_abbrev  0x00000000       0xef lib/communication.o
 .debug_loc     0x00000000       0x9d lib/communication.o
 .debug_aranges
                0x00000000       0x28 lib/communication.o
 .debug_ranges  0x00000000       0x18 lib/communication.o
 .debug_line    0x00000000       0xfe lib/communication.o
 .debug_str     0x00000000      0x21a lib/communication.o
 .comment       0x00000000       0x31 lib/communication.o
 .debug_frame   0x00000000       0x34 lib/communication.o
 .text          0x00000000        0x0 lib/devices_table.o
 .data          0x00000000        0x0 lib/devices_table.o
 .bss           0x00000000        0x0 lib/devices_table.o
 .text.init     0x00000000        0x8 lib/devices_table.o
 .text.AddDeviceToTable
                0x00000000       0x54 lib/devices_table.o
 .text.FindFreeAddress
                0x00000000       0x6a lib/devices_table.o
 .text.FindDevice
                0x00000000       0x32 lib/devices_table.o
 .text.GetDevice
                0x00000000       0x54 lib/devices_table.o
 .text.RemoveDeviceFromTable
                0x00000000       0x9a lib/devices_table.o
 .debug_info    0x00000000      0x474 lib/devices_table.o
 .debug_abbrev  0x00000000      0x1c4 lib/devices_table.o
 .debug_loc     0x00000000      0x250 lib/devices_table.o
 .debug_aranges
                0x00000000       0x48 lib/devices_table.o
 .debug_ranges  0x00000000       0x70 lib/devices_table.o
 .debug_line    0x00000000      0x22a lib/devices_table.o
 .debug_str     0x00000000      0x33e lib/devices_table.o
 .comment       0x00000000       0x31 lib/devices_table.o
 .debug_frame   0x00000000       0xb8 lib/devices_table.o
 COMMON         0x00000000     0x3f2c lib/devices_table.o
 .text          0x00000000        0x0 lib/dhcp.o
 .data          0x00000000        0x0 lib/dhcp.o
 .bss           0x00000000        0x0 lib/dhcp.o
 .text.dhcp_sendAddress
                0x00000000       0x2c lib/dhcp.o
 .bss.appDataReq
                0x00000000       0x11 lib/dhcp.o
 .debug_info    0x00000000      0x2a9 lib/dhcp.o
 .debug_abbrev  0x00000000      0x11a lib/dhcp.o
 .debug_loc     0x00000000       0x78 lib/dhcp.o
 .debug_aranges
                0x00000000       0x20 lib/dhcp.o
 .debug_ranges  0x00000000       0x10 lib/dhcp.o
 .debug_line    0x00000000      0x103 lib/dhcp.o
 .debug_str     0x00000000      0x244 lib/dhcp.o
 .comment       0x00000000       0x31 lib/dhcp.o
 .debug_frame   0x00000000       0x30 lib/dhcp.o
 .text          0x00000000        0x0 lib/parser.o
 .data          0x00000000        0x0 lib/parser.o
 .bss           0x00000000        0x0 lib/parser.o
 .text.parser_prijem
                0x00000000        0x2 lib/parser.o
 .debug_info    0x00000000       0x3f lib/parser.o
 .debug_abbrev  0x00000000       0x2c lib/parser.o
 .debug_aranges
                0x00000000       0x20 lib/parser.o
 .debug_ranges  0x00000000       0x10 lib/parser.o
 .debug_line    0x00000000       0x3b lib/parser.o
 .debug_str     0x00000000       0xed lib/parser.o
 .comment       0x00000000       0x31 lib/parser.o
 .debug_frame   0x00000000       0x24 lib/parser.o
 .text          0x00000000        0x0 lib/Timers.o
 .data          0x00000000        0x0 lib/Timers.o
 .bss           0x00000000        0x0 lib/Timers.o
 .text.Timer0_cmp_start
                0x00000000       0x2a lib/Timers.o
 .text.Timer0_ovf_start
                0x00000000       0x22 lib/Timers.o
 .text.Timer0_fastpwm_start
                0x00000000       0x40 lib/Timers.o
 .text.Timer0Stop
                0x00000000        0x4 lib/Timers.o
 .text.Timer1_cmp_start
                0x00000000       0x40 lib/Timers.o
 .text.Timer1_ovf_start
                0x00000000       0x2e lib/Timers.o
 .text.Timer1_fastpwm_start
                0x00000000       0x5a lib/Timers.o
 .text.Timer1_Stop
                0x00000000        0x6 lib/Timers.o
 .text.Timer2_cmp_start
                0x00000000       0x3c lib/Timers.o
 .text.Timer2_ovf_start
                0x00000000       0x32 lib/Timers.o
 .text.Timer2_fastpwm_start
                0x00000000       0x56 lib/Timers.o
 .text.Timer2_Stop
                0x00000000        0x6 lib/Timers.o
 .debug_info    0x00000000      0x207 lib/Timers.o
 .debug_abbrev  0x00000000       0xa8 lib/Timers.o
 .debug_loc     0x00000000      0x21e lib/Timers.o
 .debug_aranges
                0x00000000       0x78 lib/Timers.o
 .debug_ranges  0x00000000       0x68 lib/Timers.o
 .debug_line    0x00000000      0x392 lib/Timers.o
 .debug_str     0x00000000      0x237 lib/Timers.o
 .comment       0x00000000       0x31 lib/Timers.o
 .debug_frame   0x00000000      0x110 lib/Timers.o
 .text          0x00000000        0x0 lib/UART.o
 .data          0x00000000        0x0 lib/UART.o
 .bss           0x00000000        0x0 lib/UART.o
 .text.UART_GetChar
                0x00000000       0x10 lib/UART.o
 .text          0x00000000        0x0 main.o
 .data          0x00000000        0x0 main.o
 .bss           0x00000000        0x0 main.o
 .text          0x00000000        0x0 nwk/src/nwk.o
 .data          0x00000000        0x0 nwk/src/nwk.o
 .bss           0x00000000        0x0 nwk/src/nwk.o
 .text.NWK_Busy
                0x00000000       0x12 nwk/src/nwk.o
 .text.NWK_Lock
                0x00000000       0x10 nwk/src/nwk.o
 .text.NWK_Unlock
                0x00000000       0x10 nwk/src/nwk.o
 .text.NWK_SleepReq
                0x00000000        0x6 nwk/src/nwk.o
 .text.NWK_WakeupReq
                0x00000000        0x6 nwk/src/nwk.o
 .rodata        0x00000000        0x9 nwk/src/nwk.o
 .text.NWK_LinearizeLqi
                0x00000000       0x5c nwk/src/nwk.o
 .text          0x00000000        0x0 nwk/src/nwkDataReq.o
 .data          0x00000000        0x0 nwk/src/nwkDataReq.o
 .bss           0x00000000        0x0 nwk/src/nwkDataReq.o
 .text.NWK_DataReq
                0x00000000       0x48 nwk/src/nwkDataReq.o
 .text          0x00000000        0x0 nwk/src/nwkFrame.o
 .data          0x00000000        0x0 nwk/src/nwkFrame.o
 .bss           0x00000000        0x0 nwk/src/nwkFrame.o
 .text          0x00000000        0x0 nwk/src/nwkGroup.o
 .data          0x00000000        0x0 nwk/src/nwkGroup.o
 .bss           0x00000000        0x0 nwk/src/nwkGroup.o
 .debug_info    0x00000000       0x56 nwk/src/nwkGroup.o
 .debug_abbrev  0x00000000       0x26 nwk/src/nwkGroup.o
 .debug_aranges
                0x00000000       0x18 nwk/src/nwkGroup.o
 .debug_line    0x00000000       0x1a nwk/src/nwkGroup.o
 .debug_str     0x00000000      0x152 nwk/src/nwkGroup.o
 .comment       0x00000000       0x31 nwk/src/nwkGroup.o
 .text          0x00000000        0x0 nwk/src/nwkRoute.o
 .data          0x00000000        0x0 nwk/src/nwkRoute.o
 .bss           0x00000000        0x0 nwk/src/nwkRoute.o
 .text.NWK_RouteTable
                0x00000000        0x6 nwk/src/nwkRoute.o
 .text.nwkRouteUpdateEntry
                0x00000000       0x4c nwk/src/nwkRoute.o
 .text          0x00000000        0x0 nwk/src/nwkRouteDiscovery.o
 .data          0x00000000        0x0 nwk/src/nwkRouteDiscovery.o
 .bss           0x00000000        0x0 nwk/src/nwkRouteDiscovery.o
 .debug_info    0x00000000       0x64 nwk/src/nwkRouteDiscovery.o
 .debug_abbrev  0x00000000       0x26 nwk/src/nwkRouteDiscovery.o
 .debug_aranges
                0x00000000       0x18 nwk/src/nwkRouteDiscovery.o
 .debug_line    0x00000000       0x1a nwk/src/nwkRouteDiscovery.o
 .debug_str     0x00000000      0x16a nwk/src/nwkRouteDiscovery.o
 .comment       0x00000000       0x31 nwk/src/nwkRouteDiscovery.o
 .text          0x00000000        0x0 nwk/src/nwkRx.o
 .data          0x00000000        0x0 nwk/src/nwkRx.o
 .bss           0x00000000        0x0 nwk/src/nwkRx.o
 .text.NWK_SetAckControl
                0x00000000        0x6 nwk/src/nwkRx.o
 .text          0x00000000        0x0 nwk/src/nwkSecurity.o
 .data          0x00000000        0x0 nwk/src/nwkSecurity.o
 .bss           0x00000000        0x0 nwk/src/nwkSecurity.o
 .debug_info    0x00000000       0x64 nwk/src/nwkSecurity.o
 .debug_abbrev  0x00000000       0x26 nwk/src/nwkSecurity.o
 .debug_aranges
                0x00000000       0x18 nwk/src/nwkSecurity.o
 .debug_line    0x00000000       0x1a nwk/src/nwkSecurity.o
 .debug_str     0x00000000      0x164 nwk/src/nwkSecurity.o
 .comment       0x00000000       0x31 nwk/src/nwkSecurity.o
 .text          0x00000000        0x0 nwk/src/nwkTx.o
 .data          0x00000000        0x0 nwk/src/nwkTx.o
 .bss           0x00000000        0x0 nwk/src/nwkTx.o
 .text.nwkTxConfirm
                0x00000000        0xe nwk/src/nwkTx.o
 .text          0x00000000        0x0 phy/atmegarfr2/src/phy.o
 .data          0x00000000        0x0 phy/atmegarfr2/src/phy.o
 .bss           0x00000000        0x0 phy/atmegarfr2/src/phy.o
 .text.PHY_SetBand
                0x00000000        0xa phy/atmegarfr2/src/phy.o
 .text.PHY_SetTxPower
                0x00000000       0x10 phy/atmegarfr2/src/phy.o
 .text.PHY_Sleep
                0x00000000       0x18 phy/atmegarfr2/src/phy.o
 .text.PHY_Wakeup
                0x00000000       0x16 phy/atmegarfr2/src/phy.o
 .text          0x00000000        0x0 sys/src/sys.o
 .data          0x00000000        0x0 sys/src/sys.o
 .bss           0x00000000        0x0 sys/src/sys.o
 .text          0x00000000        0x0 sys/src/sysEncrypt.o
 .data          0x00000000        0x0 sys/src/sysEncrypt.o
 .bss           0x00000000        0x0 sys/src/sysEncrypt.o
 .debug_info    0x00000000       0x56 sys/src/sysEncrypt.o
 .debug_abbrev  0x00000000       0x26 sys/src/sysEncrypt.o
 .debug_aranges
                0x00000000       0x18 sys/src/sysEncrypt.o
 .debug_line    0x00000000       0x1a sys/src/sysEncrypt.o
 .debug_str     0x00000000      0x154 sys/src/sysEncrypt.o
 .comment       0x00000000       0x31 sys/src/sysEncrypt.o
 .text          0x00000000        0x0 sys/src/sysTimer.o
 .data          0x00000000        0x0 sys/src/sysTimer.o
 .bss           0x00000000        0x0 sys/src/sysTimer.o
 .text.SYS_TimerStop
                0x00000000       0x7a sys/src/sysTimer.o
 .text          0x00000000        0x0 c:/program files (x86)/atmel/studio/7.0/toolchain/avr8/avr8-gnu-toolchain/bin/../lib/gcc/avr/4.9.2/../../../../avr/lib/avr6\libm.a(floatsisf.o)
 .data          0x00000000        0x0 c:/program files (x86)/atmel/studio/7.0/toolchain/avr8/avr8-gnu-toolchain/bin/../lib/gcc/avr/4.9.2/../../../../avr/lib/avr6\libm.a(floatsisf.o)
 .bss           0x00000000        0x0 c:/program files (x86)/atmel/studio/7.0/toolchain/avr8/avr8-gnu-toolchain/bin/../lib/gcc/avr/4.9.2/../../../../avr/lib/avr6\libm.a(floatsisf.o)
 .text          0x00000000        0x0 c:/program files (x86)/atmel/studio/7.0/toolchain/avr8/avr8-gnu-toolchain/bin/../lib/gcc/avr/4.9.2/avr6\libgcc.a(_divmodhi4.o)
 .data          0x00000000        0x0 c:/program files (x86)/atmel/studio/7.0/toolchain/avr8/avr8-gnu-toolchain/bin/../lib/gcc/avr/4.9.2/avr6\libgcc.a(_divmodhi4.o)
 .bss           0x00000000        0x0 c:/program files (x86)/atmel/studio/7.0/toolchain/avr8/avr8-gnu-toolchain/bin/../lib/gcc/avr/4.9.2/avr6\libgcc.a(_divmodhi4.o)
 .text.libgcc.mul
                0x00000000        0x0 c:/program files (x86)/atmel/studio/7.0/toolchain/avr8/avr8-gnu-toolchain/bin/../lib/gcc/avr/4.9.2/avr6\libgcc.a(_divmodhi4.o)
 .text.libgcc.div
                0x00000000       0x28 c:/program files (x86)/atmel/studio/7.0/toolchain/avr8/avr8-gnu-toolchain/bin/../lib/gcc/avr/4.9.2/avr6\libgcc.a(_divmodhi4.o)
 .text.libgcc   0x00000000        0x0 c:/program files (x86)/atmel/studio/7.0/toolchain/avr8/avr8-gnu-toolchain/bin/../lib/gcc/avr/4.9.2/avr6\libgcc.a(_divmodhi4.o)
 .text.libgcc.prologue
                0x00000000        0x0 c:/program files (x86)/atmel/studio/7.0/toolchain/avr8/avr8-gnu-toolchain/bin/../lib/gcc/avr/4.9.2/avr6\libgcc.a(_divmodhi4.o)
 .text.libgcc.builtins
                0x00000000        0x0 c:/program files (x86)/atmel/studio/7.0/toolchain/avr8/avr8-gnu-toolchain/bin/../lib/gcc/avr/4.9.2/avr6\libgcc.a(_divmodhi4.o)
 .text.libgcc.fmul
                0x00000000        0x0 c:/program files (x86)/atmel/studio/7.0/toolchain/avr8/avr8-gnu-toolchain/bin/../lib/gcc/avr/4.9.2/avr6\libgcc.a(_divmodhi4.o)
 .text.libgcc.fixed
                0x00000000        0x0 c:/program files (x86)/atmel/studio/7.0/toolchain/avr8/avr8-gnu-toolchain/bin/../lib/gcc/avr/4.9.2/avr6\libgcc.a(_divmodhi4.o)
 .text          0x00000000        0x0 c:/program files (x86)/atmel/studio/7.0/toolchain/avr8/avr8-gnu-toolchain/bin/../lib/gcc/avr/4.9.2/avr6\libgcc.a(_udivmodsi4.o)
 .data          0x00000000        0x0 c:/program files (x86)/atmel/studio/7.0/toolchain/avr8/avr8-gnu-toolchain/bin/../lib/gcc/avr/4.9.2/avr6\libgcc.a(_udivmodsi4.o)
 .bss           0x00000000        0x0 c:/program files (x86)/atmel/studio/7.0/toolchain/avr8/avr8-gnu-toolchain/bin/../lib/gcc/avr/4.9.2/avr6\libgcc.a(_udivmodsi4.o)
 .text.libgcc.mul
                0x00000000        0x0 c:/program files (x86)/atmel/studio/7.0/toolchain/avr8/avr8-gnu-toolchain/bin/../lib/gcc/avr/4.9.2/avr6\libgcc.a(_udivmodsi4.o)
 .text.libgcc   0x00000000        0x0 c:/program files (x86)/atmel/studio/7.0/toolchain/avr8/avr8-gnu-toolchain/bin/../lib/gcc/avr/4.9.2/avr6\libgcc.a(_udivmodsi4.o)
 .text.libgcc.prologue
                0x00000000        0x0 c:/program files (x86)/atmel/studio/7.0/toolchain/avr8/avr8-gnu-toolchain/bin/../lib/gcc/avr/4.9.2/avr6\libgcc.a(_udivmodsi4.o)
 .text.libgcc.builtins
                0x00000000        0x0 c:/program files (x86)/atmel/studio/7.0/toolchain/avr8/avr8-gnu-toolchain/bin/../lib/gcc/avr/4.9.2/avr6\libgcc.a(_udivmodsi4.o)
 .text.libgcc.fmul
                0x00000000        0x0 c:/program files (x86)/atmel/studio/7.0/toolchain/avr8/avr8-gnu-toolchain/bin/../lib/gcc/avr/4.9.2/avr6\libgcc.a(_udivmodsi4.o)
 .text.libgcc.fixed
                0x00000000        0x0 c:/program files (x86)/atmel/studio/7.0/toolchain/avr8/avr8-gnu-toolchain/bin/../lib/gcc/avr/4.9.2/avr6\libgcc.a(_udivmodsi4.o)
 .text          0x00000000        0x0 c:/program files (x86)/atmel/studio/7.0/toolchain/avr8/avr8-gnu-toolchain/bin/../lib/gcc/avr/4.9.2/avr6\libgcc.a(_divmodsi4.o)
 .data          0x00000000        0x0 c:/program files (x86)/atmel/studio/7.0/toolchain/avr8/avr8-gnu-toolchain/bin/../lib/gcc/avr/4.9.2/avr6\libgcc.a(_divmodsi4.o)
 .bss           0x00000000        0x0 c:/program files (x86)/atmel/studio/7.0/toolchain/avr8/avr8-gnu-toolchain/bin/../lib/gcc/avr/4.9.2/avr6\libgcc.a(_divmodsi4.o)
 .text.libgcc.mul
                0x00000000        0x0 c:/program files (x86)/atmel/studio/7.0/toolchain/avr8/avr8-gnu-toolchain/bin/../lib/gcc/avr/4.9.2/avr6\libgcc.a(_divmodsi4.o)
 .text.libgcc   0x00000000        0x0 c:/program files (x86)/atmel/studio/7.0/toolchain/avr8/avr8-gnu-toolchain/bin/../lib/gcc/avr/4.9.2/avr6\libgcc.a(_divmodsi4.o)
 .text.libgcc.prologue
                0x00000000        0x0 c:/program files (x86)/atmel/studio/7.0/toolchain/avr8/avr8-gnu-toolchain/bin/../lib/gcc/avr/4.9.2/avr6\libgcc.a(_divmodsi4.o)
 .text.libgcc.builtins
                0x00000000        0x0 c:/program files (x86)/atmel/studio/7.0/toolchain/avr8/avr8-gnu-toolchain/bin/../lib/gcc/avr/4.9.2/avr6\libgcc.a(_divmodsi4.o)
 .text.libgcc.fmul
                0x00000000        0x0 c:/program files (x86)/atmel/studio/7.0/toolchain/avr8/avr8-gnu-toolchain/bin/../lib/gcc/avr/4.9.2/avr6\libgcc.a(_divmodsi4.o)
 .text.libgcc.fixed
                0x00000000        0x0 c:/program files (x86)/atmel/studio/7.0/toolchain/avr8/avr8-gnu-toolchain/bin/../lib/gcc/avr/4.9.2/avr6\libgcc.a(_divmodsi4.o)
 .text          0x00000000        0x0 c:/program files (x86)/atmel/studio/7.0/toolchain/avr8/avr8-gnu-toolchain/bin/../lib/gcc/avr/4.9.2/avr6\libgcc.a(_negsi2.o)
 .data          0x00000000        0x0 c:/program files (x86)/atmel/studio/7.0/toolchain/avr8/avr8-gnu-toolchain/bin/../lib/gcc/avr/4.9.2/avr6\libgcc.a(_negsi2.o)
 .bss           0x00000000        0x0 c:/program files (x86)/atmel/studio/7.0/toolchain/avr8/avr8-gnu-toolchain/bin/../lib/gcc/avr/4.9.2/avr6\libgcc.a(_negsi2.o)
 .text.libgcc.mul
                0x00000000        0x0 c:/program files (x86)/atmel/studio/7.0/toolchain/avr8/avr8-gnu-toolchain/bin/../lib/gcc/avr/4.9.2/avr6\libgcc.a(_negsi2.o)
 .text.libgcc   0x00000000        0x0 c:/program files (x86)/atmel/studio/7.0/toolchain/avr8/avr8-gnu-toolchain/bin/../lib/gcc/avr/4.9.2/avr6\libgcc.a(_negsi2.o)
 .text.libgcc.prologue
                0x00000000        0x0 c:/program files (x86)/atmel/studio/7.0/toolchain/avr8/avr8-gnu-toolchain/bin/../lib/gcc/avr/4.9.2/avr6\libgcc.a(_negsi2.o)
 .text.libgcc.builtins
                0x00000000        0x0 c:/program files (x86)/atmel/studio/7.0/toolchain/avr8/avr8-gnu-toolchain/bin/../lib/gcc/avr/4.9.2/avr6\libgcc.a(_negsi2.o)
 .text.libgcc.fmul
                0x00000000        0x0 c:/program files (x86)/atmel/studio/7.0/toolchain/avr8/avr8-gnu-toolchain/bin/../lib/gcc/avr/4.9.2/avr6\libgcc.a(_negsi2.o)
 .text.libgcc.fixed
                0x00000000        0x0 c:/program files (x86)/atmel/studio/7.0/toolchain/avr8/avr8-gnu-toolchain/bin/../lib/gcc/avr/4.9.2/avr6\libgcc.a(_negsi2.o)
 .text          0x00000000        0x0 c:/program files (x86)/atmel/studio/7.0/toolchain/avr8/avr8-gnu-toolchain/bin/../lib/gcc/avr/4.9.2/avr6\libgcc.a(_exit.o)
 .data          0x00000000        0x0 c:/program files (x86)/atmel/studio/7.0/toolchain/avr8/avr8-gnu-toolchain/bin/../lib/gcc/avr/4.9.2/avr6\libgcc.a(_exit.o)
 .bss           0x00000000        0x0 c:/program files (x86)/atmel/studio/7.0/toolchain/avr8/avr8-gnu-toolchain/bin/../lib/gcc/avr/4.9.2/avr6\libgcc.a(_exit.o)
 .text.libgcc.mul
                0x00000000        0x0 c:/program files (x86)/atmel/studio/7.0/toolchain/avr8/avr8-gnu-toolchain/bin/../lib/gcc/avr/4.9.2/avr6\libgcc.a(_exit.o)
 .text.libgcc.div
                0x00000000        0x0 c:/program files (x86)/atmel/studio/7.0/toolchain/avr8/avr8-gnu-toolchain/bin/../lib/gcc/avr/4.9.2/avr6\libgcc.a(_exit.o)
 .text.libgcc   0x00000000        0x0 c:/program files (x86)/atmel/studio/7.0/toolchain/avr8/avr8-gnu-toolchain/bin/../lib/gcc/avr/4.9.2/avr6\libgcc.a(_exit.o)
 .text.libgcc.prologue
                0x00000000        0x0 c:/program files (x86)/atmel/studio/7.0/toolchain/avr8/avr8-gnu-toolchain/bin/../lib/gcc/avr/4.9.2/avr6\libgcc.a(_exit.o)
 .text.libgcc.builtins
                0x00000000        0x0 c:/program files (x86)/atmel/studio/7.0/toolchain/avr8/avr8-gnu-toolchain/bin/../lib/gcc/avr/4.9.2/avr6\libgcc.a(_exit.o)
 .text.libgcc.fmul
                0x00000000        0x0 c:/program files (x86)/atmel/studio/7.0/toolchain/avr8/avr8-gnu-toolchain/bin/../lib/gcc/avr/4.9.2/avr6\libgcc.a(_exit.o)
 .text.libgcc.fixed
                0x00000000        0x0 c:/program files (x86)/atmel/studio/7.0/toolchain/avr8/avr8-gnu-toolchain/bin/../lib/gcc/avr/4.9.2/avr6\libgcc.a(_exit.o)
 .text          0x00000000        0x0 c:/program files (x86)/atmel/studio/7.0/toolchain/avr8/avr8-gnu-toolchain/bin/../lib/gcc/avr/4.9.2/avr6\libgcc.a(_copy_data.o)
 .data          0x00000000        0x0 c:/program files (x86)/atmel/studio/7.0/toolchain/avr8/avr8-gnu-toolchain/bin/../lib/gcc/avr/4.9.2/avr6\libgcc.a(_copy_data.o)
 .bss           0x00000000        0x0 c:/program files (x86)/atmel/studio/7.0/toolchain/avr8/avr8-gnu-toolchain/bin/../lib/gcc/avr/4.9.2/avr6\libgcc.a(_copy_data.o)
 .text.libgcc.mul
                0x00000000        0x0 c:/program files (x86)/atmel/studio/7.0/toolchain/avr8/avr8-gnu-toolchain/bin/../lib/gcc/avr/4.9.2/avr6\libgcc.a(_copy_data.o)
 .text.libgcc.div
                0x00000000        0x0 c:/program files (x86)/atmel/studio/7.0/toolchain/avr8/avr8-gnu-toolchain/bin/../lib/gcc/avr/4.9.2/avr6\libgcc.a(_copy_data.o)
 .text.libgcc   0x00000000        0x0 c:/program files (x86)/atmel/studio/7.0/toolchain/avr8/avr8-gnu-toolchain/bin/../lib/gcc/avr/4.9.2/avr6\libgcc.a(_copy_data.o)
 .text.libgcc.prologue
                0x00000000        0x0 c:/program files (x86)/atmel/studio/7.0/toolchain/avr8/avr8-gnu-toolchain/bin/../lib/gcc/avr/4.9.2/avr6\libgcc.a(_copy_data.o)
 .text.libgcc.builtins
                0x00000000        0x0 c:/program files (x86)/atmel/studio/7.0/toolchain/avr8/avr8-gnu-toolchain/bin/../lib/gcc/avr/4.9.2/avr6\libgcc.a(_copy_data.o)
 .text.libgcc.fmul
                0x00000000        0x0 c:/program files (x86)/atmel/studio/7.0/toolchain/avr8/avr8-gnu-toolchain/bin/../lib/gcc/avr/4.9.2/avr6\libgcc.a(_copy_data.o)
 .text.libgcc.fixed
                0x00000000        0x0 c:/program files (x86)/atmel/studio/7.0/toolchain/avr8/avr8-gnu-toolchain/bin/../lib/gcc/avr/4.9.2/avr6\libgcc.a(_copy_data.o)
 .text          0x00000000        0x0 c:/program files (x86)/atmel/studio/7.0/toolchain/avr8/avr8-gnu-toolchain/bin/../lib/gcc/avr/4.9.2/avr6\libgcc.a(_clear_bss.o)
 .data          0x00000000        0x0 c:/program files (x86)/atmel/studio/7.0/toolchain/avr8/avr8-gnu-toolchain/bin/../lib/gcc/avr/4.9.2/avr6\libgcc.a(_clear_bss.o)
 .bss           0x00000000        0x0 c:/program files (x86)/atmel/studio/7.0/toolchain/avr8/avr8-gnu-toolchain/bin/../lib/gcc/avr/4.9.2/avr6\libgcc.a(_clear_bss.o)
 .text.libgcc.mul
                0x00000000        0x0 c:/program files (x86)/atmel/studio/7.0/toolchain/avr8/avr8-gnu-toolchain/bin/../lib/gcc/avr/4.9.2/avr6\libgcc.a(_clear_bss.o)
 .text.libgcc.div
                0x00000000        0x0 c:/program files (x86)/atmel/studio/7.0/toolchain/avr8/avr8-gnu-toolchain/bin/../lib/gcc/avr/4.9.2/avr6\libgcc.a(_clear_bss.o)
 .text.libgcc   0x00000000        0x0 c:/program files (x86)/atmel/studio/7.0/toolchain/avr8/avr8-gnu-toolchain/bin/../lib/gcc/avr/4.9.2/avr6\libgcc.a(_clear_bss.o)
 .text.libgcc.prologue
                0x00000000        0x0 c:/program files (x86)/atmel/studio/7.0/toolchain/avr8/avr8-gnu-toolchain/bin/../lib/gcc/avr/4.9.2/avr6\libgcc.a(_clear_bss.o)
 .text.libgcc.builtins
                0x00000000        0x0 c:/program files (x86)/atmel/studio/7.0/toolchain/avr8/avr8-gnu-toolchain/bin/../lib/gcc/avr/4.9.2/avr6\libgcc.a(_clear_bss.o)
 .text.libgcc.fmul
                0x00000000        0x0 c:/program files (x86)/atmel/studio/7.0/toolchain/avr8/avr8-gnu-toolchain/bin/../lib/gcc/avr/4.9.2/avr6\libgcc.a(_clear_bss.o)
 .text.libgcc.fixed
                0x00000000        0x0 c:/program files (x86)/atmel/studio/7.0/toolchain/avr8/avr8-gnu-toolchain/bin/../lib/gcc/avr/4.9.2/avr6\libgcc.a(_clear_bss.o)
 .text          0x00000000        0x0 c:/program files (x86)/atmel/studio/7.0/toolchain/avr8/avr8-gnu-toolchain/bin/../lib/gcc/avr/4.9.2/avr6\libgcc.a(_udivmodhi4.o)
 .data          0x00000000        0x0 c:/program files (x86)/atmel/studio/7.0/toolchain/avr8/avr8-gnu-toolchain/bin/../lib/gcc/avr/4.9.2/avr6\libgcc.a(_udivmodhi4.o)
 .bss           0x00000000        0x0 c:/program files (x86)/atmel/studio/7.0/toolchain/avr8/avr8-gnu-toolchain/bin/../lib/gcc/avr/4.9.2/avr6\libgcc.a(_udivmodhi4.o)
 .text.libgcc.mul
                0x00000000        0x0 c:/program files (x86)/atmel/studio/7.0/toolchain/avr8/avr8-gnu-toolchain/bin/../lib/gcc/avr/4.9.2/avr6\libgcc.a(_udivmodhi4.o)
 .text.libgcc.div
                0x00000000       0x28 c:/program files (x86)/atmel/studio/7.0/toolchain/avr8/avr8-gnu-toolchain/bin/../lib/gcc/avr/4.9.2/avr6\libgcc.a(_udivmodhi4.o)
 .text.libgcc   0x00000000        0x0 c:/program files (x86)/atmel/studio/7.0/toolchain/avr8/avr8-gnu-toolchain/bin/../lib/gcc/avr/4.9.2/avr6\libgcc.a(_udivmodhi4.o)
 .text.libgcc.prologue
                0x00000000        0x0 c:/program files (x86)/atmel/studio/7.0/toolchain/avr8/avr8-gnu-toolchain/bin/../lib/gcc/avr/4.9.2/avr6\libgcc.a(_udivmodhi4.o)
 .text.libgcc.builtins
                0x00000000        0x0 c:/program files (x86)/atmel/studio/7.0/toolchain/avr8/avr8-gnu-toolchain/bin/../lib/gcc/avr/4.9.2/avr6\libgcc.a(_udivmodhi4.o)
 .text.libgcc.fmul
                0x00000000        0x0 c:/program files (x86)/atmel/studio/7.0/toolchain/avr8/avr8-gnu-toolchain/bin/../lib/gcc/avr/4.9.2/avr6\libgcc.a(_udivmodhi4.o)
 .text.libgcc.fixed
                0x00000000        0x0 c:/program files (x86)/atmel/studio/7.0/toolchain/avr8/avr8-gnu-toolchain/bin/../lib/gcc/avr/4.9.2/avr6\libgcc.a(_udivmodhi4.o)
 .text          0x00000000        0x0 c:/program files (x86)/atmel/studio/7.0/toolchain/avr8/avr8-gnu-toolchain/bin/../lib/gcc/avr/4.9.2/../../../../avr/lib/avr6\libc.a(rand.o)
 .bss           0x00000000        0x0 c:/program files (x86)/atmel/studio/7.0/toolchain/avr8/avr8-gnu-toolchain/bin/../lib/gcc/avr/4.9.2/../../../../avr/lib/avr6\libc.a(rand.o)
 .text          0x00000000        0x0 c:/program files (x86)/atmel/studio/7.0/toolchain/avr8/avr8-gnu-toolchain/bin/../lib/gcc/avr/4.9.2/../../../../avr/lib/avr6\libc.a(memcpy.o)
 .data          0x00000000        0x0 c:/program files (x86)/atmel/studio/7.0/toolchain/avr8/avr8-gnu-toolchain/bin/../lib/gcc/avr/4.9.2/../../../../avr/lib/avr6\libc.a(memcpy.o)
 .bss           0x00000000        0x0 c:/program files (x86)/atmel/studio/7.0/toolchain/avr8/avr8-gnu-toolchain/bin/../lib/gcc/avr/4.9.2/../../../../avr/lib/avr6\libc.a(memcpy.o)
 .text          0x00000000        0x0 c:/program files (x86)/atmel/studio/7.0/toolchain/avr8/avr8-gnu-toolchain/bin/../lib/gcc/avr/4.9.2/avr6\libgcc.a(_muluhisi3.o)
 .data          0x00000000        0x0 c:/program files (x86)/atmel/studio/7.0/toolchain/avr8/avr8-gnu-toolchain/bin/../lib/gcc/avr/4.9.2/avr6\libgcc.a(_muluhisi3.o)
 .bss           0x00000000        0x0 c:/program files (x86)/atmel/studio/7.0/toolchain/avr8/avr8-gnu-toolchain/bin/../lib/gcc/avr/4.9.2/avr6\libgcc.a(_muluhisi3.o)
 .text.libgcc.div
                0x00000000        0x0 c:/program files (x86)/atmel/studio/7.0/toolchain/avr8/avr8-gnu-toolchain/bin/../lib/gcc/avr/4.9.2/avr6\libgcc.a(_muluhisi3.o)
 .text.libgcc   0x00000000        0x0 c:/program files (x86)/atmel/studio/7.0/toolchain/avr8/avr8-gnu-toolchain/bin/../lib/gcc/avr/4.9.2/avr6\libgcc.a(_muluhisi3.o)
 .text.libgcc.prologue
                0x00000000        0x0 c:/program files (x86)/atmel/studio/7.0/toolchain/avr8/avr8-gnu-toolchain/bin/../lib/gcc/avr/4.9.2/avr6\libgcc.a(_muluhisi3.o)
 .text.libgcc.builtins
                0x00000000        0x0 c:/program files (x86)/atmel/studio/7.0/toolchain/avr8/avr8-gnu-toolchain/bin/../lib/gcc/avr/4.9.2/avr6\libgcc.a(_muluhisi3.o)
 .text.libgcc.fmul
                0x00000000        0x0 c:/program files (x86)/atmel/studio/7.0/toolchain/avr8/avr8-gnu-toolchain/bin/../lib/gcc/avr/4.9.2/avr6\libgcc.a(_muluhisi3.o)
 .text.libgcc.fixed
                0x00000000        0x0 c:/program files (x86)/atmel/studio/7.0/toolchain/avr8/avr8-gnu-toolchain/bin/../lib/gcc/avr/4.9.2/avr6\libgcc.a(_muluhisi3.o)
 .text          0x00000000        0x0 c:/program files (x86)/atmel/studio/7.0/toolchain/avr8/avr8-gnu-toolchain/bin/../lib/gcc/avr/4.9.2/avr6\libgcc.a(_mulshisi3.o)
 .data          0x00000000        0x0 c:/program files (x86)/atmel/studio/7.0/toolchain/avr8/avr8-gnu-toolchain/bin/../lib/gcc/avr/4.9.2/avr6\libgcc.a(_mulshisi3.o)
 .bss           0x00000000        0x0 c:/program files (x86)/atmel/studio/7.0/toolchain/avr8/avr8-gnu-toolchain/bin/../lib/gcc/avr/4.9.2/avr6\libgcc.a(_mulshisi3.o)
 .text.libgcc.div
                0x00000000        0x0 c:/program files (x86)/atmel/studio/7.0/toolchain/avr8/avr8-gnu-toolchain/bin/../lib/gcc/avr/4.9.2/avr6\libgcc.a(_mulshisi3.o)
 .text.libgcc   0x00000000        0x0 c:/program files (x86)/atmel/studio/7.0/toolchain/avr8/avr8-gnu-toolchain/bin/../lib/gcc/avr/4.9.2/avr6\libgcc.a(_mulshisi3.o)
 .text.libgcc.prologue
                0x00000000        0x0 c:/program files (x86)/atmel/studio/7.0/toolchain/avr8/avr8-gnu-toolchain/bin/../lib/gcc/avr/4.9.2/avr6\libgcc.a(_mulshisi3.o)
 .text.libgcc.builtins
                0x00000000        0x0 c:/program files (x86)/atmel/studio/7.0/toolchain/avr8/avr8-gnu-toolchain/bin/../lib/gcc/avr/4.9.2/avr6\libgcc.a(_mulshisi3.o)
 .text.libgcc.fmul
                0x00000000        0x0 c:/program files (x86)/atmel/studio/7.0/toolchain/avr8/avr8-gnu-toolchain/bin/../lib/gcc/avr/4.9.2/avr6\libgcc.a(_mulshisi3.o)
 .text.libgcc.fixed
                0x00000000        0x0 c:/program files (x86)/atmel/studio/7.0/toolchain/avr8/avr8-gnu-toolchain/bin/../lib/gcc/avr/4.9.2/avr6\libgcc.a(_mulshisi3.o)
 .text          0x00000000        0x0 c:/program files (x86)/atmel/studio/7.0/toolchain/avr8/avr8-gnu-toolchain/bin/../lib/gcc/avr/4.9.2/avr6\libgcc.a(_umulhisi3.o)
 .data          0x00000000        0x0 c:/program files (x86)/atmel/studio/7.0/toolchain/avr8/avr8-gnu-toolchain/bin/../lib/gcc/avr/4.9.2/avr6\libgcc.a(_umulhisi3.o)
 .bss           0x00000000        0x0 c:/program files (x86)/atmel/studio/7.0/toolchain/avr8/avr8-gnu-toolchain/bin/../lib/gcc/avr/4.9.2/avr6\libgcc.a(_umulhisi3.o)
 .text.libgcc.div
                0x00000000        0x0 c:/program files (x86)/atmel/studio/7.0/toolchain/avr8/avr8-gnu-toolchain/bin/../lib/gcc/avr/4.9.2/avr6\libgcc.a(_umulhisi3.o)
 .text.libgcc   0x00000000        0x0 c:/program files (x86)/atmel/studio/7.0/toolchain/avr8/avr8-gnu-toolchain/bin/../lib/gcc/avr/4.9.2/avr6\libgcc.a(_umulhisi3.o)
 .text.libgcc.prologue
                0x00000000        0x0 c:/program files (x86)/atmel/studio/7.0/toolchain/avr8/avr8-gnu-toolchain/bin/../lib/gcc/avr/4.9.2/avr6\libgcc.a(_umulhisi3.o)
 .text.libgcc.builtins
                0x00000000        0x0 c:/program files (x86)/atmel/studio/7.0/toolchain/avr8/avr8-gnu-toolchain/bin/../lib/gcc/avr/4.9.2/avr6\libgcc.a(_umulhisi3.o)
 .text.libgcc.fmul
                0x00000000        0x0 c:/program files (x86)/atmel/studio/7.0/toolchain/avr8/avr8-gnu-toolchain/bin/../lib/gcc/avr/4.9.2/avr6\libgcc.a(_umulhisi3.o)
 .text.libgcc.fixed
                0x00000000        0x0 c:/program files (x86)/atmel/studio/7.0/toolchain/avr8/avr8-gnu-toolchain/bin/../lib/gcc/avr/4.9.2/avr6\libgcc.a(_umulhisi3.o)

Memory Configuration

Name             Origin             Length             Attributes
text             0x00000000         0x00100000         xr
data             0x00800200         0x0000fe00         rw !x
eeprom           0x00810000         0x00010000         rw !x
fuse             0x00820000         0x00000003         rw !x
lock             0x00830000         0x00000400         rw !x
signature        0x00840000         0x00000400         rw !x
user_signatures  0x00850000         0x00000400         rw !x
*default*        0x00000000         0xffffffff

Linker script and memory map

Address of section .data set to 0x800200
LOAD C:/Program Files (x86)/Atmel/Studio/7.0/Packs/atmel/ATmega_DFP/1.1.130/gcc/dev/atmega256rfr2/avr6/crtatmega256rfr2.o
LOAD hal/atmega256rfr2/src/hal.o
LOAD hal/atmega256rfr2/src/halTimer.o
LOAD hal/drivers/atmega256rfr2/halSleep.o
LOAD hal/drivers/atmega256rfr2/halUart.o
LOAD lib/communication.o
LOAD lib/devices_table.o
LOAD lib/dhcp.o
LOAD lib/parser.o
LOAD lib/Timers.o
LOAD lib/UART.o
LOAD main.o
LOAD nwk/src/nwk.o
LOAD nwk/src/nwkDataReq.o
LOAD nwk/src/nwkFrame.o
LOAD nwk/src/nwkGroup.o
LOAD nwk/src/nwkRoute.o
LOAD nwk/src/nwkRouteDiscovery.o
LOAD nwk/src/nwkRx.o
LOAD nwk/src/nwkSecurity.o
LOAD nwk/src/nwkTx.o
LOAD phy/atmegarfr2/src/phy.o
LOAD sys/src/sys.o
LOAD sys/src/sysEncrypt.o
LOAD sys/src/sysTimer.o
START GROUP
LOAD c:/program files (x86)/atmel/studio/7.0/toolchain/avr8/avr8-gnu-toolchain/bin/../lib/gcc/avr/4.9.2/../../../../avr/lib/avr6\libm.a
END GROUP
START GROUP
LOAD c:/program files (x86)/atmel/studio/7.0/toolchain/avr8/avr8-gnu-toolchain/bin/../lib/gcc/avr/4.9.2/avr6\libgcc.a
LOAD c:/program files (x86)/atmel/studio/7.0/toolchain/avr8/avr8-gnu-toolchain/bin/../lib/gcc/avr/4.9.2/../../../../avr/lib/avr6\libm.a
LOAD c:/program files (x86)/atmel/studio/7.0/toolchain/avr8/avr8-gnu-toolchain/bin/../lib/gcc/avr/4.9.2/../../../../avr/lib/avr6\libc.a
LOAD C:/Program Files (x86)/Atmel/Studio/7.0/Packs/atmel/ATmega_DFP/1.1.130/gcc/dev/atmega256rfr2/avr6\libatmega256rfr2.a
END GROUP
                0x00100000                __TEXT_REGION_LENGTH__ = DEFINED (__TEXT_REGION_LENGTH__)?__TEXT_REGION_LENGTH__:0x100000
                0x0000fe00                __DATA_REGION_LENGTH__ = DEFINED (__DATA_REGION_LENGTH__)?__DATA_REGION_LENGTH__:0xfe00
                0x00010000                __EEPROM_REGION_LENGTH__ = DEFINED (__EEPROM_REGION_LENGTH__)?__EEPROM_REGION_LENGTH__:0x10000
                [0x00000003]                __FUSE_REGION_LENGTH__ = DEFINED (__FUSE_REGION_LENGTH__)?__FUSE_REGION_LENGTH__:0x400
                0x00000400                __LOCK_REGION_LENGTH__ = DEFINED (__LOCK_REGION_LENGTH__)?__LOCK_REGION_LENGTH__:0x400
                0x00000400                __SIGNATURE_REGION_LENGTH__ = DEFINED (__SIGNATURE_REGION_LENGTH__)?__SIGNATURE_REGION_LENGTH__:0x400
                0x00000400                __USER_SIGNATURE_REGION_LENGTH__ = DEFINED (__USER_SIGNATURE_REGION_LENGTH__)?__USER_SIGNATURE_REGION_LENGTH__:0x400

.hash
 *(.hash)

.dynsym
 *(.dynsym)

.dynstr
 *(.dynstr)

.gnu.version
 *(.gnu.version)

.gnu.version_d
 *(.gnu.version_d)

.gnu.version_r
 *(.gnu.version_r)

.rel.init
 *(.rel.init)

.rela.init
 *(.rela.init)

.rel.text
 *(.rel.text)
 *(.rel.text.*)
 *(.rel.gnu.linkonce.t*)

.rela.text
 *(.rela.text)
 *(.rela.text.*)
 *(.rela.gnu.linkonce.t*)

.rel.fini
 *(.rel.fini)

.rela.fini
 *(.rela.fini)

.rel.rodata
 *(.rel.rodata)
 *(.rel.rodata.*)
 *(.rel.gnu.linkonce.r*)

.rela.rodata
 *(.rela.rodata)
 *(.rela.rodata.*)
 *(.rela.gnu.linkonce.r*)

.rel.data
 *(.rel.data)
 *(.rel.data.*)
 *(.rel.gnu.linkonce.d*)

.rela.data
 *(.rela.data)
 *(.rela.data.*)
 *(.rela.gnu.linkonce.d*)

.rel.ctors
 *(.rel.ctors)

.rela.ctors
 *(.rela.ctors)

.rel.dtors
 *(.rel.dtors)

.rela.dtors
 *(.rela.dtors)

.rel.got
 *(.rel.got)

.rela.got
 *(.rela.got)

.rel.bss
 *(.rel.bss)

.rela.bss
 *(.rela.bss)

.rel.plt
 *(.rel.plt)

.rela.plt
 *(.rela.plt)

.text           0x00000000     0x1a5e
 *(.vectors)
 .vectors       0x00000000      0x134 C:/Program Files (x86)/Atmel/Studio/7.0/Packs/atmel/ATmega_DFP/1.1.130/gcc/dev/atmega256rfr2/avr6/crtatmega256rfr2.o
                0x00000000                __vector_default
                0x00000000                __vectors
 *(.vectors)
 *(.progmem.gcc*)
                0x00000134                . = ALIGN (0x2)
                0x00000134                __trampolines_start = .
 *(.trampolines)
 .trampolines   0x00000134        0x0 linker stubs
 *(.trampolines*)
                0x00000134                __trampolines_end = .
 *libprintf_flt.a:*(.progmem.data)
 *libc.a:*(.progmem.data)
 *(.progmem*)
                0x00000134                . = ALIGN (0x2)
 *(.jumptables)
 *(.jumptables*)
 *(.lowtext)
 *(.lowtext*)
                0x00000134                __ctors_start = .
 *(.ctors)
                0x00000134                __ctors_end = .
                0x00000134                __dtors_start = .
 *(.dtors)
                0x00000134                __dtors_end = .
 SORT(*)(.ctors)
 SORT(*)(.dtors)
 *(.init0)
 .init0         0x00000134        0x0 C:/Program Files (x86)/Atmel/Studio/7.0/Packs/atmel/ATmega_DFP/1.1.130/gcc/dev/atmega256rfr2/avr6/crtatmega256rfr2.o
                0x00000134                __init
 *(.init0)
 *(.init1)
 *(.init1)
 *(.init2)
 .init2         0x00000134       0x10 C:/Program Files (x86)/Atmel/Studio/7.0/Packs/atmel/ATmega_DFP/1.1.130/gcc/dev/atmega256rfr2/avr6/crtatmega256rfr2.o
 *(.init2)
 *(.init3)
 *(.init3)
 *(.init4)
 .init4         0x00000144       0x1a c:/program files (x86)/atmel/studio/7.0/toolchain/avr8/avr8-gnu-toolchain/bin/../lib/gcc/avr/4.9.2/avr6\libgcc.a(_copy_data.o)
                0x00000144                __do_copy_data
 .init4         0x0000015e       0x10 c:/program files (x86)/atmel/studio/7.0/toolchain/avr8/avr8-gnu-toolchain/bin/../lib/gcc/avr/4.9.2/avr6\libgcc.a(_clear_bss.o)
                0x0000015e                __do_clear_bss
 *(.init4)
 *(.init5)
 *(.init5)
 *(.init6)
 *(.init6)
 *(.init7)
 *(.init7)
 *(.init8)
 *(.init8)
 *(.init9)
 .init9         0x0000016e        0x6 C:/Program Files (x86)/Atmel/Studio/7.0/Packs/atmel/ATmega_DFP/1.1.130/gcc/dev/atmega256rfr2/avr6/crtatmega256rfr2.o
 *(.init9)
 *(.text)
 .text          0x00000174        0x2 C:/Program Files (x86)/Atmel/Studio/7.0/Packs/atmel/ATmega_DFP/1.1.130/gcc/dev/atmega256rfr2/avr6/crtatmega256rfr2.o
                0x00000174                __vector_38
                0x00000174                __vector_22
                0x00000174                __vector_63
                0x00000174                __vector_28
                0x00000174                __vector_67
                0x00000174                __vector_1
                0x00000174                __vector_32
                0x00000174                __vector_75
                0x00000174                __vector_71
                0x00000174                __vector_34
                0x00000174                __vector_62
                0x00000174                __vector_24
                0x00000174                __vector_12
                0x00000174                __vector_55
                0x00000174                __vector_69
                0x00000174                __vector_46
                0x00000174                __bad_interrupt
                0x00000174                __vector_72
                0x00000174                __vector_6
                0x00000174                __vector_31
                0x00000174                __vector_35
                0x00000174                __vector_74
                0x00000174                __vector_39
                0x00000174                __vector_3
                0x00000174                __vector_23
                0x00000174                __vector_68
                0x00000174                __vector_30
                0x00000174                __vector_73
                0x00000174                __vector_45
                0x00000174                __vector_25
                0x00000174                __vector_61
                0x00000174                __vector_11
                0x00000174                __vector_54
                0x00000174                __vector_17
                0x00000174                __vector_19
                0x00000174                __vector_56
                0x00000174                __vector_7
                0x00000174                __vector_49
                0x00000174                __vector_41
                0x00000174                __vector_64
                0x00000174                __vector_43
                0x00000174                __vector_27
                0x00000174                __vector_5
                0x00000174                __vector_33
                0x00000174                __vector_76
                0x00000174                __vector_47
                0x00000174                __vector_52
                0x00000174                __vector_4
                0x00000174                __vector_44
                0x00000174                __vector_51
                0x00000174                __vector_9
                0x00000174                __vector_2
                0x00000174                __vector_21
                0x00000174                __vector_15
                0x00000174                __vector_66
                0x00000174                __vector_58
                0x00000174                __vector_70
                0x00000174                __vector_29
                0x00000174                __vector_60
                0x00000174                __vector_40
                0x00000174                __vector_8
                0x00000174                __vector_26
                0x00000174                __vector_48
                0x00000174                __vector_14
                0x00000174                __vector_57
                0x00000174                __vector_53
                0x00000174                __vector_10
                0x00000174                __vector_50
                0x00000174                __vector_16
                0x00000174                __vector_59
                0x00000174                __vector_18
                0x00000174                __vector_20
                0x00000174                __vector_65
                0x00000176                . = ALIGN (0x2)
 *(.text.*)
 .text.HAL_Init
                0x00000176       0x28 hal/atmega256rfr2/src/hal.o
                0x00000176                HAL_Init
 .text.HAL_TimerInit
                0x0000019e       0x2a hal/atmega256rfr2/src/halTimer.o
                0x0000019e                HAL_TimerInit
 .text.__vector_42
                0x000001c8       0x22 hal/atmega256rfr2/src/halTimer.o
                0x000001c8                __vector_42
 .text.__vector_13
                0x000001ea       0x1e hal/drivers/atmega256rfr2/halSleep.o
                0x000001ea                __vector_13
 .text.__vector_37
                0x00000208       0x38 hal/drivers/atmega256rfr2/halUart.o
                0x00000208                __vector_37
 .text.__vector_36
                0x00000240       0xae hal/drivers/atmega256rfr2/halUart.o
                0x00000240                __vector_36
 .text.UART_SendChar
                0x000002ee       0x10 lib/UART.o
                0x000002ee                UART_SendChar
 .text.UART_Clc
                0x000002fe       0x12 lib/UART.o
                0x000002fe                UART_Clc
 .text.UART_SendString
                0x00000310       0x1c lib/UART.o
                0x00000310                UART_SendString
 .text.UART_HomePos
                0x0000032c        0x8 lib/UART.o
                0x0000032c                UART_HomePos
 .text.UART_init
                0x00000334       0x80 lib/UART.o
                0x00000334                UART_init
 .text.appTimerHandler
                0x000003b4        0x2 main.o
 .text.funkceObsluhy
                0x000003b6       0x56 main.o
 .text.appInit  0x0000040c       0x46 main.o
                0x0000040c                appInit
 .text.main     0x00000452       0x26 main.o
                0x00000452                main
 .text.NWK_Init
                0x00000478       0x2e nwk/src/nwk.o
                0x00000478                NWK_Init
 .text.NWK_SetAddr
                0x000004a6        0xe nwk/src/nwk.o
                0x000004a6                NWK_SetAddr
 .text.NWK_SetPanId
                0x000004b4        0xe nwk/src/nwk.o
                0x000004b4                NWK_SetPanId
 .text.NWK_OpenEndpoint
                0x000004c2       0x12 nwk/src/nwk.o
                0x000004c2                NWK_OpenEndpoint
 .text.NWK_TaskHandler
                0x000004d4        0x8 nwk/src/nwk.o
                0x000004d4                NWK_TaskHandler
 .text.nwkDataReqTxConf
                0x000004dc       0x46 nwk/src/nwkDataReq.o
 .text.nwkDataReqInit
                0x00000522        0xa nwk/src/nwkDataReq.o
                0x00000522                nwkDataReqInit
 .text.nwkDataReqTaskHandler
                0x0000052c      0x146 nwk/src/nwkDataReq.o
                0x0000052c                nwkDataReqTaskHandler
 .text.nwkFrameInit
                0x00000672        0xe nwk/src/nwkFrame.o
                0x00000672                nwkFrameInit
 .text.nwkFrameAlloc
                0x00000680       0x6c nwk/src/nwkFrame.o
                0x00000680                nwkFrameAlloc
 .text.nwkFrameFree
                0x000006ec       0x14 nwk/src/nwkFrame.o
                0x000006ec                nwkFrameFree
 .text.nwkFrameNext
                0x00000700       0x44 nwk/src/nwkFrame.o
                0x00000700                nwkFrameNext
 .text.nwkFrameCommandInit
                0x00000744       0x28 nwk/src/nwkFrame.o
                0x00000744                nwkFrameCommandInit
 .text.nwkRouteInit
                0x0000076c       0x3e nwk/src/nwkRoute.o
                0x0000076c                nwkRouteInit
 .text.NWK_RouteFindEntry
                0x000007aa       0x64 nwk/src/nwkRoute.o
                0x000007aa                NWK_RouteFindEntry
 .text.NWK_RouteNewEntry
                0x0000080e       0x52 nwk/src/nwkRoute.o
                0x0000080e                NWK_RouteNewEntry
 .text.NWK_RouteFreeEntry
                0x00000860       0x14 nwk/src/nwkRoute.o
                0x00000860                NWK_RouteFreeEntry
 .text.NWK_RouteNextHop
                0x00000874       0x14 nwk/src/nwkRoute.o
                0x00000874                NWK_RouteNextHop
 .text.nwkRouteRemove
                0x00000888        0xa nwk/src/nwkRoute.o
                0x00000888                nwkRouteRemove
 .text.nwkRouteFrameReceived
                0x00000892       0x9e nwk/src/nwkRoute.o
                0x00000892                nwkRouteFrameReceived
 .text.nwkRouteFrameSent
                0x00000930       0x8e nwk/src/nwkRoute.o
                0x00000930                nwkRouteFrameSent
 .text.nwkRoutePrepareTx
                0x000009be       0x3e nwk/src/nwkRoute.o
                0x000009be                nwkRoutePrepareTx
 .text.nwkRouteFrame
                0x000009fc       0x98 nwk/src/nwkRoute.o
                0x000009fc                nwkRouteFrame
 .text.nwkRouteErrorReceived
                0x00000a94       0x22 nwk/src/nwkRoute.o
                0x00000a94                nwkRouteErrorReceived
 .text.nwkRxServiceDataInd
                0x00000ab6       0x30 nwk/src/nwkRx.o
 .text.nwkRxDuplicateRejectionTimerHandler
                0x00000ae6       0x2c nwk/src/nwkRx.o
 .text.nwkRxInit
                0x00000b12       0x3a nwk/src/nwkRx.o
                0x00000b12                nwkRxInit
 .text.PHY_DataInd
                0x00000b4c       0x54 nwk/src/nwkRx.o
                0x00000b4c                PHY_DataInd
 .text.nwkRxTaskHandler
                0x00000ba0      0x486 nwk/src/nwkRx.o
                0x00000ba0                nwkRxTaskHandler
 .text.nwkTxDelayTimerHandler
                0x00001026       0x58 nwk/src/nwkTx.o
 .text.nwkTxAckWaitTimerHandler
                0x0000107e       0x64 nwk/src/nwkTx.o
 .text.nwkTxInit
                0x000010e2       0x46 nwk/src/nwkTx.o
                0x000010e2                nwkTxInit
 .text.nwkTxFrame
                0x00001128       0x9c nwk/src/nwkTx.o
                0x00001128                nwkTxFrame
 .text.nwkTxBroadcastFrame
                0x000011c4       0x86 nwk/src/nwkTx.o
                0x000011c4                nwkTxBroadcastFrame
 .text.nwkTxAckReceived
                0x0000124a       0x48 nwk/src/nwkTx.o
                0x0000124a                nwkTxAckReceived
 .text.PHY_DataConf
                0x00001292       0x46 nwk/src/nwkTx.o
                0x00001292                PHY_DataConf
 .text.nwkTxTaskHandler
                0x000012d8      0x136 nwk/src/nwkTx.o
                0x000012d8                nwkTxTaskHandler
 .text.phySetChannel
                0x0000140e       0x3c phy/atmegarfr2/src/phy.o
 .text.phyTrxSetState
                0x0000144a       0x24 phy/atmegarfr2/src/phy.o
 .text.phySetRxState
                0x0000146e       0x18 phy/atmegarfr2/src/phy.o
 .text.PHY_Init
                0x00001486       0x2e phy/atmegarfr2/src/phy.o
                0x00001486                PHY_Init
 .text.PHY_SetRxState
                0x000014b4        0x8 phy/atmegarfr2/src/phy.o
                0x000014b4                PHY_SetRxState
 .text.PHY_SetChannel
                0x000014bc        0x8 phy/atmegarfr2/src/phy.o
                0x000014bc                PHY_SetChannel
 .text.PHY_SetPanId
                0x000014c4       0x24 phy/atmegarfr2/src/phy.o
                0x000014c4                PHY_SetPanId
 .text.PHY_SetShortAddr
                0x000014e8       0x2e phy/atmegarfr2/src/phy.o
                0x000014e8                PHY_SetShortAddr
 .text.PHY_DataReq
                0x00001516       0x54 phy/atmegarfr2/src/phy.o
                0x00001516                PHY_DataReq
 .text.PHY_TaskHandler
                0x0000156a       0xf6 phy/atmegarfr2/src/phy.o
                0x0000156a                PHY_TaskHandler
 .text.SYS_Init
                0x00001660        0xe sys/src/sys.o
                0x00001660                SYS_Init
 .text.SYS_TaskHandler
                0x0000166e        0xa sys/src/sys.o
                0x0000166e                SYS_TaskHandler
 .text.placeTimer
                0x00001678       0xc8 sys/src/sysTimer.o
 .text.SYS_TimerInit
                0x00001740        0xa sys/src/sysTimer.o
                0x00001740                SYS_TimerInit
 .text.SYS_TimerStarted
                0x0000174a       0x34 sys/src/sysTimer.o
                0x0000174a                SYS_TimerStarted
 .text.SYS_TimerStart
                0x0000177e       0x16 sys/src/sysTimer.o
                0x0000177e                SYS_TimerStart
 .text.SYS_TimerTaskHandler
                0x00001794       0xd6 sys/src/sysTimer.o
                0x00001794                SYS_TimerTaskHandler
 .text.avr-libc.fplib
                0x0000186a       0x7a c:/program files (x86)/atmel/studio/7.0/toolchain/avr8/avr8-gnu-toolchain/bin/../lib/gcc/avr/4.9.2/../../../../avr/lib/avr6\libm.a(floatsisf.o)
                0x0000186a                __floatunsisf
                0x0000186e                __floatsisf
 .text.libgcc.div
                0x000018e4       0x44 c:/program files (x86)/atmel/studio/7.0/toolchain/avr8/avr8-gnu-toolchain/bin/../lib/gcc/avr/4.9.2/avr6\libgcc.a(_udivmodsi4.o)
                0x000018e4                __udivmodsi4
 .text.libgcc.div
                0x00001928       0x28 c:/program files (x86)/atmel/studio/7.0/toolchain/avr8/avr8-gnu-toolchain/bin/../lib/gcc/avr/4.9.2/avr6\libgcc.a(_divmodsi4.o)
                0x00001928                __divmodsi4
 .text.libgcc.div
                0x00001950       0x10 c:/program files (x86)/atmel/studio/7.0/toolchain/avr8/avr8-gnu-toolchain/bin/../lib/gcc/avr/4.9.2/avr6\libgcc.a(_negsi2.o)
                0x00001950                __negsi2
 .text.avr-libc
                0x00001960       0xaa c:/program files (x86)/atmel/studio/7.0/toolchain/avr8/avr8-gnu-toolchain/bin/../lib/gcc/avr/4.9.2/../../../../avr/lib/avr6\libc.a(rand.o)
                0x000019ec                rand_r
                0x000019ee                rand
                0x000019f4                srand
 .text.avr-libc
                0x00001a0a       0x12 c:/program files (x86)/atmel/studio/7.0/toolchain/avr8/avr8-gnu-toolchain/bin/../lib/gcc/avr/4.9.2/../../../../avr/lib/avr6\libc.a(memcpy.o)
                0x00001a0a                memcpy
 .text.libgcc.mul
                0x00001a1c       0x14 c:/program files (x86)/atmel/studio/7.0/toolchain/avr8/avr8-gnu-toolchain/bin/../lib/gcc/avr/4.9.2/avr6\libgcc.a(_muluhisi3.o)
                0x00001a1c                __muluhisi3
 .text.libgcc.mul
                0x00001a30        0xc c:/program files (x86)/atmel/studio/7.0/toolchain/avr8/avr8-gnu-toolchain/bin/../lib/gcc/avr/4.9.2/avr6\libgcc.a(_mulshisi3.o)
                0x00001a30                __mulshisi3
                0x00001a34                __mulohisi3
 .text.libgcc.mul
                0x00001a3c       0x1e c:/program files (x86)/atmel/studio/7.0/toolchain/avr8/avr8-gnu-toolchain/bin/../lib/gcc/avr/4.9.2/avr6\libgcc.a(_umulhisi3.o)
                0x00001a3c                __umulhisi3
                0x00001a5a                . = ALIGN (0x2)
 *(.fini9)
 .fini9         0x00001a5a        0x0 c:/program files (x86)/atmel/studio/7.0/toolchain/avr8/avr8-gnu-toolchain/bin/../lib/gcc/avr/4.9.2/avr6\libgcc.a(_exit.o)
                0x00001a5a                _exit
                0x00001a5a                exit
 *(.fini9)
 *(.fini8)
 *(.fini8)
 *(.fini7)
 *(.fini7)
 *(.fini6)
 *(.fini6)
 *(.fini5)
 *(.fini5)
 *(.fini4)
 *(.fini4)
 *(.fini3)
 *(.fini3)
 *(.fini2)
 *(.fini2)
 *(.fini1)
 *(.fini1)
 *(.fini0)
 .fini0         0x00001a5a        0x4 c:/program files (x86)/atmel/studio/7.0/toolchain/avr8/avr8-gnu-toolchain/bin/../lib/gcc/avr/4.9.2/avr6\libgcc.a(_exit.o)
 *(.fini0)
                0x00001a5e                _etext = .

.data           0x00800200        0xc load address 0x00001a5e
                0x00800200                PROVIDE (__data_start, .)
 *(.data)
 .data          0x00800200        0x4 c:/program files (x86)/atmel/studio/7.0/toolchain/avr8/avr8-gnu-toolchain/bin/../lib/gcc/avr/4.9.2/../../../../avr/lib/avr6\libc.a(rand.o)
 *(.data*)
 *(.rodata)
 *(.rodata*)
 .rodata.str1.1
                0x00800204        0x4 lib/UART.o
 .rodata.str1.1
                0x00800208        0x4 main.o
 *(.gnu.linkonce.d*)
                0x0080020c                . = ALIGN (0x2)
                0x0080020c                _edata = .
                0x0080020c                PROVIDE (__data_end, .)

.bss            0x0080020c      0x57f
                0x0080020c                PROVIDE (__bss_start, .)
 *(.bss)
 *(.bss*)
 .bss.halSleepTimerEvent
                0x0080020c        0x1 hal/drivers/atmega256rfr2/halSleep.o
 .bss.newData   0x0080020d        0x1 hal/drivers/atmega256rfr2/halUart.o
 .bss.udrEmpty  0x0080020e        0x1 hal/drivers/atmega256rfr2/halUart.o
 .bss.rxFifo    0x0080020f        0xa hal/drivers/atmega256rfr2/halUart.o
 .bss.appTimer  0x00800219        0xd main.o
 .bss.appState  0x00800226        0x1 main.o
                0x00800226                appState
 .bss.nwkDataReqQueue
                0x00800227        0x2 nwk/src/nwkDataReq.o
 .bss.nwkFrameFrames
                0x00800229      0x19b nwk/src/nwkFrame.o
 .bss.nwkRouteTable
                0x008003c4      0x2bc nwk/src/nwkRoute.o
 .bss.nwkRxDuplicateRejectionTimer
                0x00800680        0xd nwk/src/nwkRx.o
 .bss.nwkRxAckControl
                0x0080068d        0x1 nwk/src/nwkRx.o
 .bss.nwkRxDuplicateRejectionTable
                0x0080068e       0x32 nwk/src/nwkRx.o
 .bss.nwkTxDelayTimer
                0x008006c0        0xd nwk/src/nwkTx.o
 .bss.nwkTxAckWaitTimer
                0x008006cd        0xd nwk/src/nwkTx.o
 .bss.nwkTxPhyActiveFrame
                0x008006da        0x2 nwk/src/nwkTx.o
 .bss.phyBand   0x008006dc        0x1 phy/atmegarfr2/src/phy.o
 .bss.phyChannel
                0x008006dd        0x1 phy/atmegarfr2/src/phy.o
 .bss.phyRxState
                0x008006de        0x1 phy/atmegarfr2/src/phy.o
 .bss.phyRxBuffer
                0x008006df       0x80 phy/atmegarfr2/src/phy.o
 .bss.phyState  0x0080075f        0x1 phy/atmegarfr2/src/phy.o
 .bss.timers    0x00800760        0x2 sys/src/sysTimer.o
 *(COMMON)
 COMMON         0x00800762        0x1 hal/atmega256rfr2/src/halTimer.o
                0x00800762                halTimerIrqCount
 COMMON         0x00800763       0x28 nwk/src/nwk.o
                0x00800763                nwkIb
                0x0080078b                PROVIDE (__bss_end, .)
                0x00001a5e                __data_load_start = LOADADDR (.data)
                0x00001a6a                __data_load_end = (__data_load_start + SIZEOF (.data))

.noinit         0x0080078b        0x0
                [!provide]                PROVIDE (__noinit_start, .)
 *(.noinit*)
                [!provide]                PROVIDE (__noinit_end, .)
                0x0080078b                _end = .
                [!provide]                PROVIDE (__heap_start, .)

.eeprom         0x00810000        0x0
 *(.eeprom*)
                0x00810000                __eeprom_end = .

.fuse
 *(.fuse)
 *(.lfuse)
 *(.hfuse)
 *(.efuse)

.lock
 *(.lock*)

.signature
 *(.signature*)

.user_signatures
 *(.user_signatures*)

.stab
 *(.stab)

.stabstr
 *(.stabstr)

.stab.excl
 *(.stab.excl)

.stab.exclstr
 *(.stab.exclstr)

.stab.index
 *(.stab.index)

.stab.indexstr
 *(.stab.indexstr)

.comment        0x00000000       0x30
 *(.comment)
 .comment       0x00000000       0x30 hal/atmega256rfr2/src/hal.o
                                 0x31 (size before relaxing)
 .comment       0x00000030       0x31 hal/atmega256rfr2/src/halTimer.o
 .comment       0x00000030       0x31 hal/drivers/atmega256rfr2/halSleep.o
 .comment       0x00000030       0x31 hal/drivers/atmega256rfr2/halUart.o
 .comment       0x00000030       0x31 lib/UART.o
 .comment       0x00000030       0x31 main.o
 .comment       0x00000030       0x31 nwk/src/nwk.o
 .comment       0x00000030       0x31 nwk/src/nwkDataReq.o
 .comment       0x00000030       0x31 nwk/src/nwkFrame.o
 .comment       0x00000030       0x31 nwk/src/nwkRoute.o
 .comment       0x00000030       0x31 nwk/src/nwkRx.o
 .comment       0x00000030       0x31 nwk/src/nwkTx.o
 .comment       0x00000030       0x31 phy/atmegarfr2/src/phy.o
 .comment       0x00000030       0x31 sys/src/sys.o
 .comment       0x00000030       0x31 sys/src/sysTimer.o
 .comment       0x00000030       0x31 c:/program files (x86)/atmel/studio/7.0/toolchain/avr8/avr8-gnu-toolchain/bin/../lib/gcc/avr/4.9.2/../../../../avr/lib/avr6\libc.a(rand.o)

.note.gnu.avr.deviceinfo
                0x00000000       0x40
 .note.gnu.avr.deviceinfo
                0x00000000       0x40 C:/Program Files (x86)/Atmel/Studio/7.0/Packs/atmel/ATmega_DFP/1.1.130/gcc/dev/atmega256rfr2/avr6/crtatmega256rfr2.o

.note.gnu.build-id
 *(.note.gnu.build-id)

.debug
 *(.debug)

.line
 *(.line)

.debug_srcinfo
 *(.debug_srcinfo)

.debug_sfnames
 *(.debug_sfnames)

.debug_aranges  0x00000000      0x450
 *(.debug_aranges)
 .debug_aranges
                0x00000000       0x28 hal/atmega256rfr2/src/hal.o
 .debug_aranges
                0x00000028       0x30 hal/atmega256rfr2/src/halTimer.o
 .debug_aranges
                0x00000058       0x28 hal/drivers/atmega256rfr2/halSleep.o
 .debug_aranges
                0x00000080       0x48 hal/drivers/atmega256rfr2/halUart.o
 .debug_aranges
                0x000000c8       0x48 lib/UART.o
 .debug_aranges
                0x00000110       0x38 main.o
 .debug_aranges
                0x00000148       0x70 nwk/src/nwk.o
 .debug_aranges
                0x000001b8       0x38 nwk/src/nwkDataReq.o
 .debug_aranges
                0x000001f0       0x40 nwk/src/nwkFrame.o
 .debug_aranges
                0x00000230       0x80 nwk/src/nwkRoute.o
 .debug_aranges
                0x000002b0       0x48 nwk/src/nwkRx.o
 .debug_aranges
                0x000002f8       0x60 nwk/src/nwkTx.o
 .debug_aranges
                0x00000358       0x88 phy/atmegarfr2/src/phy.o
 .debug_aranges
                0x000003e0       0x28 sys/src/sys.o
 .debug_aranges
                0x00000408       0x48 sys/src/sysTimer.o

.debug_pubnames
 *(.debug_pubnames)

.debug_info     0x00000000     0x628a
 *(.debug_info .gnu.linkonce.wi.*)
 .debug_info    0x00000000     0x13e6 C:/Program Files (x86)/Atmel/Studio/7.0/Packs/atmel/ATmega_DFP/1.1.130/gcc/dev/atmega256rfr2/avr6/crtatmega256rfr2.o
 .debug_info    0x000013e6      0x128 hal/atmega256rfr2/src/hal.o
 .debug_info    0x0000150e       0xe4 hal/atmega256rfr2/src/halTimer.o
 .debug_info    0x000015f2      0x184 hal/drivers/atmega256rfr2/halSleep.o
 .debug_info    0x00001776      0x31c hal/drivers/atmega256rfr2/halUart.o
 .debug_info    0x00001a92      0x1eb lib/UART.o
 .debug_info    0x00001c7d      0x5ac main.o
 .debug_info    0x00002229      0x4b9 nwk/src/nwk.o
 .debug_info    0x000026e2      0x79d nwk/src/nwkDataReq.o
 .debug_info    0x00002e7f      0x56a nwk/src/nwkFrame.o
 .debug_info    0x000033e9      0xb58 nwk/src/nwkRoute.o
 .debug_info    0x00003f41      0xcbb nwk/src/nwkRx.o
 .debug_info    0x00004bfc      0xa62 nwk/src/nwkTx.o
 .debug_info    0x0000565e      0x7c0 phy/atmegarfr2/src/phy.o
 .debug_info    0x00005e1e      0x12b sys/src/sys.o
 .debug_info    0x00005f49      0x341 sys/src/sysTimer.o

.debug_abbrev   0x00000000     0x2e63
 *(.debug_abbrev)
 .debug_abbrev  0x00000000     0x12d6 C:/Program Files (x86)/Atmel/Studio/7.0/Packs/atmel/ATmega_DFP/1.1.130/gcc/dev/atmega256rfr2/avr6/crtatmega256rfr2.o
 .debug_abbrev  0x000012d6       0xda hal/atmega256rfr2/src/hal.o
 .debug_abbrev  0x000013b0       0xaa hal/atmega256rfr2/src/halTimer.o
 .debug_abbrev  0x0000145a       0xd5 hal/drivers/atmega256rfr2/halSleep.o
 .debug_abbrev  0x0000152f      0x170 hal/drivers/atmega256rfr2/halUart.o
 .debug_abbrev  0x0000169f      0x134 lib/UART.o
 .debug_abbrev  0x000017d3      0x1ee main.o
 .debug_abbrev  0x000019c1      0x1c7 nwk/src/nwk.o
 .debug_abbrev  0x00001b88      0x2ac nwk/src/nwkDataReq.o
 .debug_abbrev  0x00001e34      0x181 nwk/src/nwkFrame.o
 .debug_abbrev  0x00001fb5      0x355 nwk/src/nwkRoute.o
 .debug_abbrev  0x0000230a      0x3c3 nwk/src/nwkRx.o
 .debug_abbrev  0x000026cd      0x354 nwk/src/nwkTx.o
 .debug_abbrev  0x00002a21      0x247 phy/atmegarfr2/src/phy.o
 .debug_abbrev  0x00002c68       0x62 sys/src/sys.o
 .debug_abbrev  0x00002cca      0x199 sys/src/sysTimer.o

.debug_line     0x00000000     0x28af
 *(.debug_line .debug_line.* .debug_line_end)
 .debug_line    0x00000000      0x271 C:/Program Files (x86)/Atmel/Studio/7.0/Packs/atmel/ATmega_DFP/1.1.130/gcc/dev/atmega256rfr2/avr6/crtatmega256rfr2.o
 .debug_line    0x00000271      0x179 hal/atmega256rfr2/src/hal.o
 .debug_line    0x000003ea      0x127 hal/atmega256rfr2/src/halTimer.o
 .debug_line    0x00000511      0x1d1 hal/drivers/atmega256rfr2/halSleep.o
 .debug_line    0x000006e2      0x293 hal/drivers/atmega256rfr2/halUart.o
 .debug_line    0x00000975      0x195 lib/UART.o
 .debug_line    0x00000b0a      0x223 main.o
 .debug_line    0x00000d2d      0x296 nwk/src/nwk.o
 .debug_line    0x00000fc3      0x240 nwk/src/nwkDataReq.o
 .debug_line    0x00001203      0x1a1 nwk/src/nwkFrame.o
 .debug_line    0x000013a4      0x480 nwk/src/nwkRoute.o
 .debug_line    0x00001824      0x48d nwk/src/nwkRx.o
 .debug_line    0x00001cb1      0x4af nwk/src/nwkTx.o
 .debug_line    0x00002160      0x3c0 phy/atmegarfr2/src/phy.o
 .debug_line    0x00002520       0xe7 sys/src/sys.o
 .debug_line    0x00002607      0x2a8 sys/src/sysTimer.o

.debug_frame    0x00000000      0xa3c
 *(.debug_frame)
 .debug_frame   0x00000000       0x34 hal/atmega256rfr2/src/hal.o
 .debug_frame   0x00000034       0x54 hal/atmega256rfr2/src/halTimer.o
 .debug_frame   0x00000088       0x50 hal/drivers/atmega256rfr2/halSleep.o
 .debug_frame   0x000000d8       0xe4 hal/drivers/atmega256rfr2/halUart.o
 .debug_frame   0x000001bc       0xa4 lib/UART.o
 .debug_frame   0x00000260       0x68 main.o
 .debug_frame   0x000002c8       0xd4 nwk/src/nwk.o
 .debug_frame   0x0000039c       0x68 nwk/src/nwkDataReq.o
 .debug_frame   0x00000404       0x64 nwk/src/nwkFrame.o
 .debug_frame   0x00000468      0x180 nwk/src/nwkRoute.o
 .debug_frame   0x000005e8       0xe0 nwk/src/nwkRx.o
 .debug_frame   0x000006c8      0x144 nwk/src/nwkTx.o
 .debug_frame   0x0000080c      0x13c phy/atmegarfr2/src/phy.o
 .debug_frame   0x00000948       0x34 sys/src/sys.o
 .debug_frame   0x0000097c       0xc0 sys/src/sysTimer.o

.debug_str      0x00000000     0x1ea3
 *(.debug_str)
 .debug_str     0x00000000      0x7f7 C:/Program Files (x86)/Atmel/Studio/7.0/Packs/atmel/ATmega_DFP/1.1.130/gcc/dev/atmega256rfr2/avr6/crtatmega256rfr2.o
 .debug_str     0x000007f7      0x177 hal/atmega256rfr2/src/hal.o
                                0x1ab (size before relaxing)
 .debug_str     0x0000096e       0x41 hal/atmega256rfr2/src/halTimer.o
                                0x1a5 (size before relaxing)
 .debug_str     0x000009af       0xa5 hal/drivers/atmega256rfr2/halSleep.o
                                0x1ec (size before relaxing)
 .debug_str     0x00000a54      0x12f hal/drivers/atmega256rfr2/halUart.o
                                0x270 (size before relaxing)
 .debug_str     0x00000b83       0x78 lib/UART.o
                                0x1c0 (size before relaxing)
 .debug_str     0x00000bfb      0x1d8 main.o
                                0x37d (size before relaxing)
 .debug_str     0x00000dd3      0x151 nwk/src/nwk.o
                                0x338 (size before relaxing)
 .debug_str     0x00000f24      0x319 nwk/src/nwkDataReq.o
                                0x567 (size before relaxing)
 .debug_str     0x0000123d       0x5b nwk/src/nwkFrame.o
                                0x406 (size before relaxing)
 .debug_str     0x00001298      0x1f4 nwk/src/nwkRoute.o
                                0x610 (size before relaxing)
 .debug_str     0x0000148c      0x2c4 nwk/src/nwkRx.o
                                0x749 (size before relaxing)
 .debug_str     0x00001750      0x1c1 nwk/src/nwkTx.o
                                0x6d9 (size before relaxing)
 .debug_str     0x00001911      0x50f phy/atmegarfr2/src/phy.o
                                0x775 (size before relaxing)
 .debug_str     0x00001e20       0x34 sys/src/sys.o
                                0x1d3 (size before relaxing)
 .debug_str     0x00001e54       0x4f sys/src/sysTimer.o
                                0x262 (size before relaxing)

.debug_loc      0x00000000     0x25a7
 *(.debug_loc)
 .debug_loc     0x00000000       0x21 hal/atmega256rfr2/src/hal.o
 .debug_loc     0x00000021       0x62 hal/atmega256rfr2/src/halTimer.o
 .debug_loc     0x00000083      0x179 hal/drivers/atmega256rfr2/halSleep.o
 .debug_loc     0x000001fc      0x212 hal/drivers/atmega256rfr2/halUart.o
 .debug_loc     0x0000040e      0x13b lib/UART.o
 .debug_loc     0x00000549       0xa3 main.o
 .debug_loc     0x000005ec      0x14d nwk/src/nwk.o
 .debug_loc     0x00000739      0x137 nwk/src/nwkDataReq.o
 .debug_loc     0x00000870      0x11e nwk/src/nwkFrame.o
 .debug_loc     0x0000098e      0x8aa nwk/src/nwkRoute.o
 .debug_loc     0x00001238      0x596 nwk/src/nwkRx.o
 .debug_loc     0x000017ce      0x671 nwk/src/nwkTx.o
 .debug_loc     0x00001e3f      0x33a phy/atmegarfr2/src/phy.o
 .debug_loc     0x00002179      0x42e sys/src/sysTimer.o

.debug_macinfo
 *(.debug_macinfo)

.debug_weaknames
 *(.debug_weaknames)

.debug_funcnames
 *(.debug_funcnames)

.debug_typenames
 *(.debug_typenames)

.debug_varnames
 *(.debug_varnames)

.debug_pubtypes
 *(.debug_pubtypes)

.debug_ranges   0x00000000      0x448
 *(.debug_ranges)
 .debug_ranges  0x00000000       0x18 hal/atmega256rfr2/src/hal.o
 .debug_ranges  0x00000018       0x20 hal/atmega256rfr2/src/halTimer.o
 .debug_ranges  0x00000038       0x30 hal/drivers/atmega256rfr2/halSleep.o
 .debug_ranges  0x00000068       0x38 hal/drivers/atmega256rfr2/halUart.o
 .debug_ranges  0x000000a0       0x38 lib/UART.o
 .debug_ranges  0x000000d8       0x40 main.o
 .debug_ranges  0x00000118       0x60 nwk/src/nwk.o
 .debug_ranges  0x00000178       0x28 nwk/src/nwkDataReq.o
 .debug_ranges  0x000001a0       0x30 nwk/src/nwkFrame.o
 .debug_ranges  0x000001d0       0x88 nwk/src/nwkRoute.o
 .debug_ranges  0x00000258       0x88 nwk/src/nwkRx.o
 .debug_ranges  0x000002e0       0x68 nwk/src/nwkTx.o
 .debug_ranges  0x00000348       0x78 phy/atmegarfr2/src/phy.o
 .debug_ranges  0x000003c0       0x18 sys/src/sys.o
 .debug_ranges  0x000003d8       0x70 sys/src/sysTimer.o

.debug_macro
 *(.debug_macro)
OUTPUT(Brana.elf elf32-avr)
LOAD linker stubs
